[INFO] Scanning for projects...
[INFO] 
[INFO] --------------------< com.example:product-service >---------------------
[INFO] Building product-service 0.0.1-SNAPSHOT
[INFO]   from pom.xml
[INFO] --------------------------------[ jar ]---------------------------------
[INFO] 
[INFO] --- clean:3.3.2:clean (default-clean) @ product-service ---
[INFO] Deleting C:\Users\mmelo\Desktop\LoopieBackend\LoopieBackend\product-service\target
[INFO] 
[INFO] --- resources:3.3.1:resources (default-resources) @ product-service ---
[INFO] Copying 1 resource from src\main\resources to target\classes
[INFO] Copying 0 resource from src\main\resources to target\classes
[INFO] 
[INFO] --- compiler:3.11.0:compile (default-compile) @ product-service ---
[INFO] Changes detected - recompiling the module! :source
[INFO] Compiling 9 source files with javac [debug release 17] to target\classes
[INFO] 
[INFO] --- resources:3.3.1:testResources (default-testResources) @ product-service ---
[INFO] skip non existing resourceDirectory C:\Users\mmelo\Desktop\LoopieBackend\LoopieBackend\product-service\src\test\resources
[INFO] 
[INFO] --- compiler:3.11.0:testCompile (default-testCompile) @ product-service ---
[INFO] Changes detected - recompiling the module! :dependency
[INFO] Compiling 2 source files with javac [debug release 17] to target\test-classes
[INFO] -------------------------------------------------------------
[ERROR] COMPILATION ERROR : 
[INFO] -------------------------------------------------------------
[ERROR] /C:/Users/mmelo/Desktop/LoopieBackend/LoopieBackend/product-service/src/test/java/com/example/loopie/Controller/ProductControllerTest.java:[69,22] cannot find symbol
  symbol:   method saveProduct(com.example.loopie.Products.model.Product)
  location: variable servicio of type com.example.loopie.Products.service.ProductService
[INFO] 1 error
[INFO] -------------------------------------------------------------
[INFO] ------------------------------------------------------------------------
[INFO] BUILD FAILURE
[INFO] ------------------------------------------------------------------------
[INFO] Total time:  11.985 s
[INFO] Finished at: 2025-12-03T14:10:37-03:00
[INFO] ------------------------------------------------------------------------
[ERROR] Failed to execute goal org.apache.maven.plugins:maven-compiler-plugin:3.11.0:testCompile (default-testCompile) on project product-service: Compilation failure
[ERROR] /C:/Users/mmelo/Desktop/LoopieBackend/LoopieBackend/product-service/src/test/java/com/example/loopie/Controller/ProductControllerTest.java:[69,22] cannot find symbol
[ERROR]   symbol:   method saveProduct(com.example.loopie.Products.model.Product)
[ERROR]   location: variable servicio of type com.example.loopie.Products.service.ProductService
[ERROR] 
[ERROR] -> [Help 1]
[ERROR] 
[ERROR] To see the full stack trace of the errors, re-run Maven with the -e switch.
[ERROR] Re-run Maven using the -X switch to enable full debug logging.
[ERROR] 
[ERROR] For more information about the errors and possible solutions, please read the following articles:
[ERROR] [Help 1] http://cwiki.apache.org/confluence/display/MAVEN/MojoFailureException
