[INFO] Scanning for projects...
[INFO] 
[INFO] ---------------------< com.example:order-service >----------------------
[INFO] Building order-service 0.0.1-SNAPSHOT
[INFO]   from pom.xml
[INFO] --------------------------------[ jar ]---------------------------------
[INFO] 
[INFO] --- clean:3.3.2:clean (default-clean) @ order-service ---
[INFO] Deleting C:\Users\mmelo\Desktop\LoopieBackend\LoopieBackend\order-service\target
[INFO] 
[INFO] --- resources:3.3.1:resources (default-resources) @ order-service ---
[INFO] Copying 1 resource from src\main\resources to target\classes
[INFO] Copying 0 resource from src\main\resources to target\classes
[INFO] 
[INFO] --- compiler:3.11.0:compile (default-compile) @ order-service ---
[INFO] Changes detected - recompiling the module! :source
[INFO] Compiling 16 source files with javac [debug release 17] to target\classes
[INFO] -------------------------------------------------------------
[ERROR] COMPILATION ERROR : 
[INFO] -------------------------------------------------------------
[ERROR] /C:/Users/mmelo/Desktop/LoopieBackend/LoopieBackend/order-service/src/main/java/com/example/loopie/config/SecurityConfig.java:[13,2] cannot find symbol
  symbol: class Configuration
[ERROR] /C:/Users/mmelo/Desktop/LoopieBackend/LoopieBackend/order-service/src/main/java/com/example/loopie/config/SecurityConfig.java:[15,2] cannot find symbol
  symbol: class RequiredArgsConstructor
[ERROR] /C:/Users/mmelo/Desktop/LoopieBackend/LoopieBackend/order-service/src/main/java/com/example/loopie/config/SecurityConfig.java:[20,6] cannot find symbol
  symbol:   class Bean
  location: class com.example.loopie.config.SecurityConfig
[INFO] 3 errors 
[INFO] -------------------------------------------------------------
[INFO] ------------------------------------------------------------------------
[INFO] BUILD FAILURE
[INFO] ------------------------------------------------------------------------
[INFO] Total time:  8.526 s
[INFO] Finished at: 2025-12-03T14:27:52-03:00
[INFO] ------------------------------------------------------------------------
[ERROR] Failed to execute goal org.apache.maven.plugins:maven-compiler-plugin:3.11.0:compile (default-compile) on project order-service: Compilation failure: Compilation failure: 
[ERROR] /C:/Users/mmelo/Desktop/LoopieBackend/LoopieBackend/order-service/src/main/java/com/example/loopie/config/SecurityConfig.java:[13,2] cannot find symbol
[ERROR]   symbol: class Configuration
[ERROR] /C:/Users/mmelo/Desktop/LoopieBackend/LoopieBackend/order-service/src/main/java/com/example/loopie/config/SecurityConfig.java:[15,2] cannot find symbol
[ERROR]   symbol: class RequiredArgsConstructor
[ERROR] /C:/Users/mmelo/Desktop/LoopieBackend/LoopieBackend/order-service/src/main/java/com/example/loopie/config/SecurityConfig.java:[20,6] cannot find symbol
[ERROR]   symbol:   class Bean
[ERROR]   location: class com.example.loopie.config.SecurityConfig
[ERROR] -> [Help 1]
[ERROR] 
[ERROR] To see the full stack trace of the errors, re-run Maven with the -e switch.
[ERROR] Re-run Maven using the -X switch to enable full debug logging.
[ERROR] 
[ERROR] For more information about the errors and possible solutions, please read the following articles:
[ERROR] [Help 1] http://cwiki.apache.org/confluence/display/MAVEN/MojoFailureException
