[INFO] Scanning for projects...
[INFO] 
[INFO] ---------------------< com.example:order-service >----------------------
[INFO] Building order-service 0.0.1-SNAPSHOT
[INFO]   from pom.xml
[INFO] --------------------------------[ jar ]---------------------------------
[INFO] 
[INFO] --- clean:3.3.2:clean (default-clean) @ order-service ---
[INFO] Deleting C:\Users\mmelo\Desktop\LoopieBackend\LoopieBackend\order-service\target
[INFO] 
[INFO] --- resources:3.3.1:resources (default-resources) @ order-service ---
[INFO] Copying 1 resource from src\main\resources to target\classes
[INFO] Copying 0 resource from src\main\resources to target\classes
[INFO] 
[INFO] --- compiler:3.11.0:compile (default-compile) @ order-service ---
[INFO] Changes detected - recompiling the module! :source
[INFO] Compiling 16 source files with javac [debug release 17] to target\classes
[INFO] 
[INFO] --- resources:3.3.1:testResources (default-testResources) @ order-service ---
[INFO] skip non existing resourceDirectory C:\Users\mmelo\Desktop\LoopieBackend\LoopieBackend\order-service\src\test\resources
[INFO] 
[INFO] --- compiler:3.11.0:testCompile (default-testCompile) @ order-service ---
[INFO] Changes detected - recompiling the module! :dependency
[INFO] Compiling 3 source files with javac [debug release 17] to target\test-classes
[INFO] -------------------------------------------------------------
[ERROR] COMPILATION ERROR : 
[INFO] -------------------------------------------------------------
[ERROR] /C:/Users/mmelo/Desktop/LoopieBackend/LoopieBackend/order-service/src/test/java/com/example/loopie/Controller/ProductControllerTest.java:[11,46] package com.example.loopie.Products.controller does not exist
[ERROR] /C:/Users/mmelo/Desktop/LoopieBackend/LoopieBackend/order-service/src/test/java/com/example/loopie/Controller/ProductControllerTest.java:[12,41] package com.example.loopie.Products.model does not exist
[ERROR] /C:/Users/mmelo/Desktop/LoopieBackend/LoopieBackend/order-service/src/test/java/com/example/loopie/Controller/ProductControllerTest.java:[13,43] package com.example.loopie.Products.service does not exist
[ERROR] /C:/Users/mmelo/Desktop/LoopieBackend/LoopieBackend/order-service/src/test/java/com/example/loopie/Controller/ProductControllerTest.java:[26,13] cannot find symbol
  symbol:   class ProductService
  location: class com.example.loopie.Controller.ProductControllerTest
[ERROR] /C:/Users/mmelo/Desktop/LoopieBackend/LoopieBackend/order-service/src/test/java/com/example/loopie/Controller/UserControllerTest.java:[10,40] package com.example.loopie.Users.service does not exist
[ERROR] /C:/Users/mmelo/Desktop/LoopieBackend/LoopieBackend/order-service/src/test/java/com/example/loopie/Controller/UserControllerTest.java:[11,43] package com.example.loopie.Users.controller does not exist
[ERROR] /C:/Users/mmelo/Desktop/LoopieBackend/LoopieBackend/order-service/src/test/java/com/example/loopie/Controller/UserControllerTest.java:[12,36] package com.example.loopie.Users.dto does not exist
[ERROR] /C:/Users/mmelo/Desktop/LoopieBackend/LoopieBackend/order-service/src/test/java/com/example/loopie/Controller/UserControllerTest.java:[27,13] cannot find symbol
  symbol:   class UserService
  location: class com.example.loopie.Controller.UserControllerTest
[ERROR] /C:/Users/mmelo/Desktop/LoopieBackend/LoopieBackend/order-service/src/test/java/com/example/loopie/Controller/ProductControllerTest.java:[19,27] cannot find symbol
  symbol: class ProductController
[ERROR] /C:/Users/mmelo/Desktop/LoopieBackend/LoopieBackend/order-service/src/test/java/com/example/loopie/Controller/UserControllerTest.java:[20,27] cannot find symbol
  symbol: class UserController
[INFO] 10 errors 
[INFO] -------------------------------------------------------------
[INFO] ------------------------------------------------------------------------
[INFO] BUILD FAILURE
[INFO] ------------------------------------------------------------------------
[INFO] Total time:  12.578 s
[INFO] Finished at: 2025-12-03T14:31:57-03:00
[INFO] ------------------------------------------------------------------------
[ERROR] Failed to execute goal org.apache.maven.plugins:maven-compiler-plugin:3.11.0:testCompile (default-testCompile) on project order-service: Compilation failure: Compilation failure: 
[ERROR] /C:/Users/mmelo/Desktop/LoopieBackend/LoopieBackend/order-service/src/test/java/com/example/loopie/Controller/ProductControllerTest.java:[11,46] package com.example.loopie.Products.controller does not exist
[ERROR] /C:/Users/mmelo/Desktop/LoopieBackend/LoopieBackend/order-service/src/test/java/com/example/loopie/Controller/ProductControllerTest.java:[12,41] package com.example.loopie.Products.model does not exist
[ERROR] /C:/Users/mmelo/Desktop/LoopieBackend/LoopieBackend/order-service/src/test/java/com/example/loopie/Controller/ProductControllerTest.java:[13,43] package com.example.loopie.Products.service does not exist
[ERROR] /C:/Users/mmelo/Desktop/LoopieBackend/LoopieBackend/order-service/src/test/java/com/example/loopie/Controller/ProductControllerTest.java:[26,13] cannot find symbol
[ERROR]   symbol:   class ProductService
[ERROR]   location: class com.example.loopie.Controller.ProductControllerTest
[ERROR] /C:/Users/mmelo/Desktop/LoopieBackend/LoopieBackend/order-service/src/test/java/com/example/loopie/Controller/UserControllerTest.java:[10,40] package com.example.loopie.Users.service does not exist
[ERROR] /C:/Users/mmelo/Desktop/LoopieBackend/LoopieBackend/order-service/src/test/java/com/example/loopie/Controller/UserControllerTest.java:[11,43] package com.example.loopie.Users.controller does not exist
[ERROR] /C:/Users/mmelo/Desktop/LoopieBackend/LoopieBackend/order-service/src/test/java/com/example/loopie/Controller/UserControllerTest.java:[12,36] package com.example.loopie.Users.dto does not exist
[ERROR] /C:/Users/mmelo/Desktop/LoopieBackend/LoopieBackend/order-service/src/test/java/com/example/loopie/Controller/UserControllerTest.java:[27,13] cannot find symbol
[ERROR]   symbol:   class UserService
[ERROR]   location: class com.example.loopie.Controller.UserControllerTest
[ERROR] /C:/Users/mmelo/Desktop/LoopieBackend/LoopieBackend/order-service/src/test/java/com/example/loopie/Controller/ProductControllerTest.java:[19,27] cannot find symbol
[ERROR]   symbol: class ProductController
[ERROR] /C:/Users/mmelo/Desktop/LoopieBackend/LoopieBackend/order-service/src/test/java/com/example/loopie/Controller/UserControllerTest.java:[20,27] cannot find symbol
[ERROR]   symbol: class UserController
[ERROR] -> [Help 1]
[ERROR] 
[ERROR] To see the full stack trace of the errors, re-run Maven with the -e switch.
[ERROR] Re-run Maven using the -X switch to enable full debug logging.
[ERROR] 
[ERROR] For more information about the errors and possible solutions, please read the following articles:
[ERROR] [Help 1] http://cwiki.apache.org/confluence/display/MAVEN/MojoFailureException
