[INFO] Scanning for projects...
[INFO] 
[INFO] ----------------------< com.example:auth-service >----------------------
[INFO] Building auth-service 0.0.1-SNAPSHOT
[INFO]   from pom.xml
[INFO] --------------------------------[ jar ]---------------------------------
[INFO] 
[INFO] --- resources:3.3.1:resources (default-resources) @ auth-service ---
[INFO] Copying 1 resource from src\main\resources to target\classes
[INFO] Copying 0 resource from src\main\resources to target\classes
[INFO] 
[INFO] --- compiler:3.11.0:compile (default-compile) @ auth-service ---
[INFO] Nothing to compile - all classes are up to date
[INFO] 
[INFO] --- resources:3.3.1:testResources (default-testResources) @ auth-service ---
[INFO] skip non existing resourceDirectory C:\Users\mmelo\Desktop\LoopieBackend\LoopieBackend\auth-service\src\test\resources
[INFO] 
[INFO] --- compiler:3.11.0:testCompile (default-testCompile) @ auth-service ---
[INFO] Changes detected - recompiling the module! :source
[INFO] Compiling 2 source files with javac [debug release 17] to target\test-classes
[INFO] -------------------------------------------------------------
[ERROR] COMPILATION ERROR : 
[INFO] -------------------------------------------------------------
[ERROR] /C:/Users/mmelo/Desktop/LoopieBackend/LoopieBackend/auth-service/src/test/java/com/example/loopie/Users/service/UserServiceTest.java:[5,29] package org.junit.jupiter.api does not exist
[ERROR] /C:/Users/mmelo/Desktop/LoopieBackend/LoopieBackend/auth-service/src/test/java/com/example/loopie/Users/service/UserServiceTest.java:[6,29] package org.junit.jupiter.api does not exist
[ERROR] /C:/Users/mmelo/Desktop/LoopieBackend/LoopieBackend/auth-service/src/test/java/com/example/loopie/Users/service/UserServiceTest.java:[7,39] package org.junit.jupiter.api.extension does not exist
[ERROR] /C:/Users/mmelo/Desktop/LoopieBackend/LoopieBackend/auth-service/src/test/java/com/example/loopie/Users/service/UserServiceTest.java:[8,19] package org.mockito does not exist
[ERROR] /C:/Users/mmelo/Desktop/LoopieBackend/LoopieBackend/auth-service/src/test/java/com/example/loopie/Users/service/UserServiceTest.java:[9,19] package org.mockito does not exist
[ERROR] /C:/Users/mmelo/Desktop/LoopieBackend/LoopieBackend/auth-service/src/test/java/com/example/loopie/Users/service/UserServiceTest.java:[10,33] package org.mockito.junit.jupiter does not exist
[ERROR] /C:/Users/mmelo/Desktop/LoopieBackend/LoopieBackend/auth-service/src/test/java/com/example/loopie/Users/service/UserServiceTest.java:[17,36] package org.junit.jupiter.api does not exist
[ERROR] /C:/Users/mmelo/Desktop/LoopieBackend/LoopieBackend/auth-service/src/test/java/com/example/loopie/Users/service/UserServiceTest.java:[18,26] package org.mockito does not exist
[ERROR] /C:/Users/mmelo/Desktop/LoopieBackend/LoopieBackend/auth-service/src/test/java/com/example/loopie/Users/service/UserServiceTest.java:[18,1] static import only from classes and interfaces
[ERROR] /C:/Users/mmelo/Desktop/LoopieBackend/LoopieBackend/auth-service/src/test/java/com/example/loopie/Users/service/UserServiceTest.java:[19,26] package org.mockito does not exist
[ERROR] /C:/Users/mmelo/Desktop/LoopieBackend/LoopieBackend/auth-service/src/test/java/com/example/loopie/Users/service/UserServiceTest.java:[21,2] cannot find symbol
  symbol: class ExtendWith
[ERROR] /C:/Users/mmelo/Desktop/LoopieBackend/LoopieBackend/auth-service/src/test/java/com/example/loopie/Users/controller/AuthControllerTest.java:[7,29] package org.junit.jupiter.api does not exist
[ERROR] /C:/Users/mmelo/Desktop/LoopieBackend/LoopieBackend/auth-service/src/test/java/com/example/loopie/Users/controller/AuthControllerTest.java:[8,29] package org.junit.jupiter.api does not exist
[ERROR] /C:/Users/mmelo/Desktop/LoopieBackend/LoopieBackend/auth-service/src/test/java/com/example/loopie/Users/controller/AuthControllerTest.java:[9,39] package org.junit.jupiter.api.extension does not exist
[ERROR] /C:/Users/mmelo/Desktop/LoopieBackend/LoopieBackend/auth-service/src/test/java/com/example/loopie/Users/controller/AuthControllerTest.java:[10,19] package org.mockito does not exist
[ERROR] /C:/Users/mmelo/Desktop/LoopieBackend/LoopieBackend/auth-service/src/test/java/com/example/loopie/Users/controller/AuthControllerTest.java:[11,19] package org.mockito does not exist
[ERROR] /C:/Users/mmelo/Desktop/LoopieBackend/LoopieBackend/auth-service/src/test/java/com/example/loopie/Users/controller/AuthControllerTest.java:[12,33] package org.mockito.junit.jupiter does not exist
[ERROR] /C:/Users/mmelo/Desktop/LoopieBackend/LoopieBackend/auth-service/src/test/java/com/example/loopie/Users/controller/AuthControllerTest.java:[19,44] package org.springframework.test.web.servlet does not exist
[ERROR] /C:/Users/mmelo/Desktop/LoopieBackend/LoopieBackend/auth-service/src/test/java/com/example/loopie/Users/controller/AuthControllerTest.java:[20,50] package org.springframework.test.web.servlet.setup does not exist
[ERROR] /C:/Users/mmelo/Desktop/LoopieBackend/LoopieBackend/auth-service/src/test/java/com/example/loopie/Users/controller/AuthControllerTest.java:[22,26] package org.mockito does not exist
[ERROR] /C:/Users/mmelo/Desktop/LoopieBackend/LoopieBackend/auth-service/src/test/java/com/example/loopie/Users/controller/AuthControllerTest.java:[22,1] static import only from classes and interfaces
[ERROR] /C:/Users/mmelo/Desktop/LoopieBackend/LoopieBackend/auth-service/src/test/java/com/example/loopie/Users/controller/AuthControllerTest.java:[23,26] package org.mockito does not exist
[ERROR] /C:/Users/mmelo/Desktop/LoopieBackend/LoopieBackend/auth-service/src/test/java/com/example/loopie/Users/controller/AuthControllerTest.java:[23,1] static import only from classes and interfaces
[ERROR] /C:/Users/mmelo/Desktop/LoopieBackend/LoopieBackend/auth-service/src/test/java/com/example/loopie/Users/controller/AuthControllerTest.java:[24,26] package org.mockito does not exist
[ERROR] /C:/Users/mmelo/Desktop/LoopieBackend/LoopieBackend/auth-service/src/test/java/com/example/loopie/Users/controller/AuthControllerTest.java:[24,1] static import only from classes and interfaces
[ERROR] /C:/Users/mmelo/Desktop/LoopieBackend/LoopieBackend/auth-service/src/test/java/com/example/loopie/Users/controller/AuthControllerTest.java:[25,59] package org.springframework.test.web.servlet.request does not exist
[ERROR] /C:/Users/mmelo/Desktop/LoopieBackend/LoopieBackend/auth-service/src/test/java/com/example/loopie/Users/controller/AuthControllerTest.java:[25,1] static import only from classes and interfaces
[ERROR] /C:/Users/mmelo/Desktop/LoopieBackend/LoopieBackend/auth-service/src/test/java/com/example/loopie/Users/controller/AuthControllerTest.java:[26,58] package org.springframework.test.web.servlet.result does not exist
[ERROR] /C:/Users/mmelo/Desktop/LoopieBackend/LoopieBackend/auth-service/src/test/java/com/example/loopie/Users/controller/AuthControllerTest.java:[26,1] static import only from classes and interfaces
[ERROR] /C:/Users/mmelo/Desktop/LoopieBackend/LoopieBackend/auth-service/src/test/java/com/example/loopie/Users/controller/AuthControllerTest.java:[27,58] package org.springframework.test.web.servlet.result does not exist
[ERROR] /C:/Users/mmelo/Desktop/LoopieBackend/LoopieBackend/auth-service/src/test/java/com/example/loopie/Users/controller/AuthControllerTest.java:[27,1] static import only from classes and interfaces
[ERROR] /C:/Users/mmelo/Desktop/LoopieBackend/LoopieBackend/auth-service/src/test/java/com/example/loopie/Users/controller/AuthControllerTest.java:[29,2] cannot find symbol
  symbol: class ExtendWith
[ERROR] /C:/Users/mmelo/Desktop/LoopieBackend/LoopieBackend/auth-service/src/test/java/com/example/loopie/Users/controller/AuthControllerTest.java:[32,13] cannot find symbol
  symbol:   class MockMvc
  location: class com.example.loopie.Users.controller.AuthControllerTest
[ERROR] /C:/Users/mmelo/Desktop/LoopieBackend/LoopieBackend/auth-service/src/test/java/com/example/loopie/Users/service/UserServiceTest.java:[21,13] cannot find symbol
  symbol: class MockitoExtension
[ERROR] /C:/Users/mmelo/Desktop/LoopieBackend/LoopieBackend/auth-service/src/test/java/com/example/loopie/Users/service/UserServiceTest.java:[24,6] cannot find symbol
  symbol:   class Mock
  location: class com.example.loopie.Users.service.UserServiceTest
[ERROR] /C:/Users/mmelo/Desktop/LoopieBackend/LoopieBackend/auth-service/src/test/java/com/example/loopie/Users/service/UserServiceTest.java:[27,6] cannot find symbol
  symbol:   class Mock
  location: class com.example.loopie.Users.service.UserServiceTest
[ERROR] /C:/Users/mmelo/Desktop/LoopieBackend/LoopieBackend/auth-service/src/test/java/com/example/loopie/Users/service/UserServiceTest.java:[30,6] cannot find symbol
  symbol:   class InjectMocks
  location: class com.example.loopie.Users.service.UserServiceTest
[ERROR] /C:/Users/mmelo/Desktop/LoopieBackend/LoopieBackend/auth-service/src/test/java/com/example/loopie/Users/service/UserServiceTest.java:[35,6] cannot find symbol
  symbol:   class BeforeEach
  location: class com.example.loopie.Users.service.UserServiceTest
[ERROR] /C:/Users/mmelo/Desktop/LoopieBackend/LoopieBackend/auth-service/src/test/java/com/example/loopie/Users/service/UserServiceTest.java:[49,6] cannot find symbol
  symbol:   class Test
  location: class com.example.loopie.Users.service.UserServiceTest
[ERROR] /C:/Users/mmelo/Desktop/LoopieBackend/LoopieBackend/auth-service/src/test/java/com/example/loopie/Users/service/UserServiceTest.java:[58,6] cannot find symbol
  symbol:   class Test
  location: class com.example.loopie.Users.service.UserServiceTest
[ERROR] /C:/Users/mmelo/Desktop/LoopieBackend/LoopieBackend/auth-service/src/test/java/com/example/loopie/Users/service/UserServiceTest.java:[67,6] cannot find symbol
  symbol:   class Test
  location: class com.example.loopie.Users.service.UserServiceTest
[ERROR] /C:/Users/mmelo/Desktop/LoopieBackend/LoopieBackend/auth-service/src/test/java/com/example/loopie/Users/service/UserServiceTest.java:[74,6] cannot find symbol
  symbol:   class Test
  location: class com.example.loopie.Users.service.UserServiceTest
[ERROR] /C:/Users/mmelo/Desktop/LoopieBackend/LoopieBackend/auth-service/src/test/java/com/example/loopie/Users/service/UserServiceTest.java:[87,6] cannot find symbol
  symbol:   class Test
  location: class com.example.loopie.Users.service.UserServiceTest
[ERROR] /C:/Users/mmelo/Desktop/LoopieBackend/LoopieBackend/auth-service/src/test/java/com/example/loopie/Users/service/UserServiceTest.java:[109,6] cannot find symbol
  symbol:   class Test
  location: class com.example.loopie.Users.service.UserServiceTest
[ERROR] /C:/Users/mmelo/Desktop/LoopieBackend/LoopieBackend/auth-service/src/test/java/com/example/loopie/Users/service/UserServiceTest.java:[116,6] cannot find symbol
  symbol:   class Test
  location: class com.example.loopie.Users.service.UserServiceTest
[ERROR] /C:/Users/mmelo/Desktop/LoopieBackend/LoopieBackend/auth-service/src/test/java/com/example/loopie/Users/controller/AuthControllerTest.java:[29,13] cannot find symbol
  symbol: class MockitoExtension
[ERROR] /C:/Users/mmelo/Desktop/LoopieBackend/LoopieBackend/auth-service/src/test/java/com/example/loopie/Users/controller/AuthControllerTest.java:[34,6] cannot find symbol
  symbol:   class Mock
  location: class com.example.loopie.Users.controller.AuthControllerTest
[ERROR] /C:/Users/mmelo/Desktop/LoopieBackend/LoopieBackend/auth-service/src/test/java/com/example/loopie/Users/controller/AuthControllerTest.java:[37,6] cannot find symbol
  symbol:   class Mock
  location: class com.example.loopie.Users.controller.AuthControllerTest
[ERROR] /C:/Users/mmelo/Desktop/LoopieBackend/LoopieBackend/auth-service/src/test/java/com/example/loopie/Users/controller/AuthControllerTest.java:[40,6] cannot find symbol
  symbol:   class InjectMocks
  location: class com.example.loopie.Users.controller.AuthControllerTest
[ERROR] /C:/Users/mmelo/Desktop/LoopieBackend/LoopieBackend/auth-service/src/test/java/com/example/loopie/Users/controller/AuthControllerTest.java:[46,6] cannot find symbol
  symbol:   class BeforeEach
  location: class com.example.loopie.Users.controller.AuthControllerTest
[ERROR] /C:/Users/mmelo/Desktop/LoopieBackend/LoopieBackend/auth-service/src/test/java/com/example/loopie/Users/controller/AuthControllerTest.java:[58,6] cannot find symbol
  symbol:   class Test
  location: class com.example.loopie.Users.controller.AuthControllerTest
[ERROR] /C:/Users/mmelo/Desktop/LoopieBackend/LoopieBackend/auth-service/src/test/java/com/example/loopie/Users/controller/AuthControllerTest.java:[69,6] cannot find symbol
  symbol:   class Test
  location: class com.example.loopie.Users.controller.AuthControllerTest
[INFO] 52 errors 
[INFO] -------------------------------------------------------------
[INFO] ------------------------------------------------------------------------
[INFO] BUILD FAILURE
[INFO] ------------------------------------------------------------------------
[INFO] Total time:  7.955 s
[INFO] Finished at: 2025-12-03T16:04:18-03:00
[INFO] ------------------------------------------------------------------------
[ERROR] Failed to execute goal org.apache.maven.plugins:maven-compiler-plugin:3.11.0:testCompile (default-testCompile) on project auth-service: Compilation failure: Compilation failure: 
[ERROR] /C:/Users/mmelo/Desktop/LoopieBackend/LoopieBackend/auth-service/src/test/java/com/example/loopie/Users/service/UserServiceTest.java:[5,29] package org.junit.jupiter.api does not exist
[ERROR] /C:/Users/mmelo/Desktop/LoopieBackend/LoopieBackend/auth-service/src/test/java/com/example/loopie/Users/service/UserServiceTest.java:[6,29] package org.junit.jupiter.api does not exist
[ERROR] /C:/Users/mmelo/Desktop/LoopieBackend/LoopieBackend/auth-service/src/test/java/com/example/loopie/Users/service/UserServiceTest.java:[7,39] package org.junit.jupiter.api.extension does not exist
[ERROR] /C:/Users/mmelo/Desktop/LoopieBackend/LoopieBackend/auth-service/src/test/java/com/example/loopie/Users/service/UserServiceTest.java:[8,19] package org.mockito does not exist
[ERROR] /C:/Users/mmelo/Desktop/LoopieBackend/LoopieBackend/auth-service/src/test/java/com/example/loopie/Users/service/UserServiceTest.java:[9,19] package org.mockito does not exist
[ERROR] /C:/Users/mmelo/Desktop/LoopieBackend/LoopieBackend/auth-service/src/test/java/com/example/loopie/Users/service/UserServiceTest.java:[10,33] package org.mockito.junit.jupiter does not exist
[ERROR] /C:/Users/mmelo/Desktop/LoopieBackend/LoopieBackend/auth-service/src/test/java/com/example/loopie/Users/service/UserServiceTest.java:[17,36] package org.junit.jupiter.api does not exist
[ERROR] /C:/Users/mmelo/Desktop/LoopieBackend/LoopieBackend/auth-service/src/test/java/com/example/loopie/Users/service/UserServiceTest.java:[18,26] package org.mockito does not exist
[ERROR] /C:/Users/mmelo/Desktop/LoopieBackend/LoopieBackend/auth-service/src/test/java/com/example/loopie/Users/service/UserServiceTest.java:[18,1] static import only from classes and interfaces
[ERROR] /C:/Users/mmelo/Desktop/LoopieBackend/LoopieBackend/auth-service/src/test/java/com/example/loopie/Users/service/UserServiceTest.java:[19,26] package org.mockito does not exist
[ERROR] /C:/Users/mmelo/Desktop/LoopieBackend/LoopieBackend/auth-service/src/test/java/com/example/loopie/Users/service/UserServiceTest.java:[21,2] cannot find symbol
[ERROR]   symbol: class ExtendWith
[ERROR] /C:/Users/mmelo/Desktop/LoopieBackend/LoopieBackend/auth-service/src/test/java/com/example/loopie/Users/controller/AuthControllerTest.java:[7,29] package org.junit.jupiter.api does not exist
[ERROR] /C:/Users/mmelo/Desktop/LoopieBackend/LoopieBackend/auth-service/src/test/java/com/example/loopie/Users/controller/AuthControllerTest.java:[8,29] package org.junit.jupiter.api does not exist
[ERROR] /C:/Users/mmelo/Desktop/LoopieBackend/LoopieBackend/auth-service/src/test/java/com/example/loopie/Users/controller/AuthControllerTest.java:[9,39] package org.junit.jupiter.api.extension does not exist
[ERROR] /C:/Users/mmelo/Desktop/LoopieBackend/LoopieBackend/auth-service/src/test/java/com/example/loopie/Users/controller/AuthControllerTest.java:[10,19] package org.mockito does not exist
[ERROR] /C:/Users/mmelo/Desktop/LoopieBackend/LoopieBackend/auth-service/src/test/java/com/example/loopie/Users/controller/AuthControllerTest.java:[11,19] package org.mockito does not exist
[ERROR] /C:/Users/mmelo/Desktop/LoopieBackend/LoopieBackend/auth-service/src/test/java/com/example/loopie/Users/controller/AuthControllerTest.java:[12,33] package org.mockito.junit.jupiter does not exist
[ERROR] /C:/Users/mmelo/Desktop/LoopieBackend/LoopieBackend/auth-service/src/test/java/com/example/loopie/Users/controller/AuthControllerTest.java:[19,44] package org.springframework.test.web.servlet does not exist
[ERROR] /C:/Users/mmelo/Desktop/LoopieBackend/LoopieBackend/auth-service/src/test/java/com/example/loopie/Users/controller/AuthControllerTest.java:[20,50] package org.springframework.test.web.servlet.setup does not exist
[ERROR] /C:/Users/mmelo/Desktop/LoopieBackend/LoopieBackend/auth-service/src/test/java/com/example/loopie/Users/controller/AuthControllerTest.java:[22,26] package org.mockito does not exist
[ERROR] /C:/Users/mmelo/Desktop/LoopieBackend/LoopieBackend/auth-service/src/test/java/com/example/loopie/Users/controller/AuthControllerTest.java:[22,1] static import only from classes and interfaces
[ERROR] /C:/Users/mmelo/Desktop/LoopieBackend/LoopieBackend/auth-service/src/test/java/com/example/loopie/Users/controller/AuthControllerTest.java:[23,26] package org.mockito does not exist
[ERROR] /C:/Users/mmelo/Desktop/LoopieBackend/LoopieBackend/auth-service/src/test/java/com/example/loopie/Users/controller/AuthControllerTest.java:[23,1] static import only from classes and interfaces
[ERROR] /C:/Users/mmelo/Desktop/LoopieBackend/LoopieBackend/auth-service/src/test/java/com/example/loopie/Users/controller/AuthControllerTest.java:[24,26] package org.mockito does not exist
[ERROR] /C:/Users/mmelo/Desktop/LoopieBackend/LoopieBackend/auth-service/src/test/java/com/example/loopie/Users/controller/AuthControllerTest.java:[24,1] static import only from classes and interfaces
[ERROR] /C:/Users/mmelo/Desktop/LoopieBackend/LoopieBackend/auth-service/src/test/java/com/example/loopie/Users/controller/AuthControllerTest.java:[25,59] package org.springframework.test.web.servlet.request does not exist
[ERROR] /C:/Users/mmelo/Desktop/LoopieBackend/LoopieBackend/auth-service/src/test/java/com/example/loopie/Users/controller/AuthControllerTest.java:[25,1] static import only from classes and interfaces
[ERROR] /C:/Users/mmelo/Desktop/LoopieBackend/LoopieBackend/auth-service/src/test/java/com/example/loopie/Users/controller/AuthControllerTest.java:[26,58] package org.springframework.test.web.servlet.result does not exist
[ERROR] /C:/Users/mmelo/Desktop/LoopieBackend/LoopieBackend/auth-service/src/test/java/com/example/loopie/Users/controller/AuthControllerTest.java:[26,1] static import only from classes and interfaces
[ERROR] /C:/Users/mmelo/Desktop/LoopieBackend/LoopieBackend/auth-service/src/test/java/com/example/loopie/Users/controller/AuthControllerTest.java:[27,58] package org.springframework.test.web.servlet.result does not exist
[ERROR] /C:/Users/mmelo/Desktop/LoopieBackend/LoopieBackend/auth-service/src/test/java/com/example/loopie/Users/controller/AuthControllerTest.java:[27,1] static import only from classes and interfaces
[ERROR] /C:/Users/mmelo/Desktop/LoopieBackend/LoopieBackend/auth-service/src/test/java/com/example/loopie/Users/controller/AuthControllerTest.java:[29,2] cannot find symbol
[ERROR]   symbol: class ExtendWith
[ERROR] /C:/Users/mmelo/Desktop/LoopieBackend/LoopieBackend/auth-service/src/test/java/com/example/loopie/Users/controller/AuthControllerTest.java:[32,13] cannot find symbol
[ERROR]   symbol:   class MockMvc
[ERROR]   location: class com.example.loopie.Users.controller.AuthControllerTest
[ERROR] /C:/Users/mmelo/Desktop/LoopieBackend/LoopieBackend/auth-service/src/test/java/com/example/loopie/Users/service/UserServiceTest.java:[21,13] cannot find symbol
[ERROR]   symbol: class MockitoExtension
[ERROR] /C:/Users/mmelo/Desktop/LoopieBackend/LoopieBackend/auth-service/src/test/java/com/example/loopie/Users/service/UserServiceTest.java:[24,6] cannot find symbol
[ERROR]   symbol:   class Mock
[ERROR]   location: class com.example.loopie.Users.service.UserServiceTest
[ERROR] /C:/Users/mmelo/Desktop/LoopieBackend/LoopieBackend/auth-service/src/test/java/com/example/loopie/Users/service/UserServiceTest.java:[27,6] cannot find symbol
[ERROR]   symbol:   class Mock
[ERROR]   location: class com.example.loopie.Users.service.UserServiceTest
[ERROR] /C:/Users/mmelo/Desktop/LoopieBackend/LoopieBackend/auth-service/src/test/java/com/example/loopie/Users/service/UserServiceTest.java:[30,6] cannot find symbol
[ERROR]   symbol:   class InjectMocks
[ERROR]   location: class com.example.loopie.Users.service.UserServiceTest
[ERROR] /C:/Users/mmelo/Desktop/LoopieBackend/LoopieBackend/auth-service/src/test/java/com/example/loopie/Users/service/UserServiceTest.java:[35,6] cannot find symbol
[ERROR]   symbol:   class BeforeEach
[ERROR]   location: class com.example.loopie.Users.service.UserServiceTest
[ERROR] /C:/Users/mmelo/Desktop/LoopieBackend/LoopieBackend/auth-service/src/test/java/com/example/loopie/Users/service/UserServiceTest.java:[49,6] cannot find symbol
[ERROR]   symbol:   class Test
[ERROR]   location: class com.example.loopie.Users.service.UserServiceTest
[ERROR] /C:/Users/mmelo/Desktop/LoopieBackend/LoopieBackend/auth-service/src/test/java/com/example/loopie/Users/service/UserServiceTest.java:[58,6] cannot find symbol
[ERROR]   symbol:   class Test
[ERROR]   location: class com.example.loopie.Users.service.UserServiceTest
[ERROR] /C:/Users/mmelo/Desktop/LoopieBackend/LoopieBackend/auth-service/src/test/java/com/example/loopie/Users/service/UserServiceTest.java:[67,6] cannot find symbol
[ERROR]   symbol:   class Test
[ERROR]   location: class com.example.loopie.Users.service.UserServiceTest
[ERROR] /C:/Users/mmelo/Desktop/LoopieBackend/LoopieBackend/auth-service/src/test/java/com/example/loopie/Users/service/UserServiceTest.java:[74,6] cannot find symbol
[ERROR]   symbol:   class Test
[ERROR]   location: class com.example.loopie.Users.service.UserServiceTest
[ERROR] /C:/Users/mmelo/Desktop/LoopieBackend/LoopieBackend/auth-service/src/test/java/com/example/loopie/Users/service/UserServiceTest.java:[87,6] cannot find symbol
[ERROR]   symbol:   class Test
[ERROR]   location: class com.example.loopie.Users.service.UserServiceTest
[ERROR] /C:/Users/mmelo/Desktop/LoopieBackend/LoopieBackend/auth-service/src/test/java/com/example/loopie/Users/service/UserServiceTest.java:[109,6] cannot find symbol
[ERROR]   symbol:   class Test
[ERROR]   location: class com.example.loopie.Users.service.UserServiceTest
[ERROR] /C:/Users/mmelo/Desktop/LoopieBackend/LoopieBackend/auth-service/src/test/java/com/example/loopie/Users/service/UserServiceTest.java:[116,6] cannot find symbol
[ERROR]   symbol:   class Test
[ERROR]   location: class com.example.loopie.Users.service.UserServiceTest
[ERROR] /C:/Users/mmelo/Desktop/LoopieBackend/LoopieBackend/auth-service/src/test/java/com/example/loopie/Users/controller/AuthControllerTest.java:[29,13] cannot find symbol
[ERROR]   symbol: class MockitoExtension
[ERROR] /C:/Users/mmelo/Desktop/LoopieBackend/LoopieBackend/auth-service/src/test/java/com/example/loopie/Users/controller/AuthControllerTest.java:[34,6] cannot find symbol
[ERROR]   symbol:   class Mock
[ERROR]   location: class com.example.loopie.Users.controller.AuthControllerTest
[ERROR] /C:/Users/mmelo/Desktop/LoopieBackend/LoopieBackend/auth-service/src/test/java/com/example/loopie/Users/controller/AuthControllerTest.java:[37,6] cannot find symbol
[ERROR]   symbol:   class Mock
[ERROR]   location: class com.example.loopie.Users.controller.AuthControllerTest
[ERROR] /C:/Users/mmelo/Desktop/LoopieBackend/LoopieBackend/auth-service/src/test/java/com/example/loopie/Users/controller/AuthControllerTest.java:[40,6] cannot find symbol
[ERROR]   symbol:   class InjectMocks
[ERROR]   location: class com.example.loopie.Users.controller.AuthControllerTest
[ERROR] /C:/Users/mmelo/Desktop/LoopieBackend/LoopieBackend/auth-service/src/test/java/com/example/loopie/Users/controller/AuthControllerTest.java:[46,6] cannot find symbol
[ERROR]   symbol:   class BeforeEach
[ERROR]   location: class com.example.loopie.Users.controller.AuthControllerTest
[ERROR] /C:/Users/mmelo/Desktop/LoopieBackend/LoopieBackend/auth-service/src/test/java/com/example/loopie/Users/controller/AuthControllerTest.java:[58,6] cannot find symbol
[ERROR]   symbol:   class Test
[ERROR]   location: class com.example.loopie.Users.controller.AuthControllerTest
[ERROR] /C:/Users/mmelo/Desktop/LoopieBackend/LoopieBackend/auth-service/src/test/java/com/example/loopie/Users/controller/AuthControllerTest.java:[69,6] cannot find symbol
[ERROR]   symbol:   class Test
[ERROR]   location: class com.example.loopie.Users.controller.AuthControllerTest
[ERROR] -> [Help 1]
[ERROR] 
[ERROR] To see the full stack trace of the errors, re-run Maven with the -e switch.
[ERROR] Re-run Maven using the -X switch to enable full debug logging.
[ERROR] 
[ERROR] For more information about the errors and possible solutions, please read the following articles:
[ERROR] [Help 1] http://cwiki.apache.org/confluence/display/MAVEN/MojoFailureException
